    Checking frensense-engine v0.5.0 (/home/oxisrael/Friehub/Taas/Frensene_main/Frensense/frensense-engine)
error[E0560]: struct `FunctionFingerprint` has no field named `cf_sequence_hash`
   --> frensense-engine/src/fingerprint.rs:944:17
    |
944 |                 cf_sequence_hash,
    |                 ^^^^^^^^^^^^^^^^ `FunctionFingerprint` does not have this field
    |
    = note: available fields are: `control_flow_sequence_hash`

error[E0560]: struct `FunctionFingerprint` has no field named `cf_sequence_hash`
    --> frensense-engine/src/fingerprint.rs:1110:17
     |
1110 |                 cf_sequence_hash,
     |                 ^^^^^^^^^^^^^^^^ `FunctionFingerprint` does not have this field
     |
     = note: available fields are: `control_flow_sequence_hash`

error[E0308]: mismatched types
   --> frensense-engine/src/pattern/scorer.rs:462:33
    |
462 |           let signal: [f64; 12] = [
    |  _____________________---------___^
    | |                     |
    | |                     expected due to this
463 | |             (best_dim.ngram_sim - worst_neg.ngram_sim).max(0.0),
464 | |             (best_dim.ast_sim - worst_neg.ast_sim).max(0.0),
465 | |             (best_dim.signature_sim - worst_neg.signature_sim).max(0.0),
...   |
475 | |             (best_dim.cf_order_sim - worst_neg.cf_order_sim).max(0.0),
476 | |         ];
    | |_________^ expected an array with a size of 12, found one with a size of 13

warning: unused variable: `ngram_sim_threshold`
   --> frensense-engine/src/pattern/scorer.rs:528:9
    |
528 |         ngram_sim_threshold: f64,
    |         ^^^^^^^^^^^^^^^^^^^ help: if this is intentional, prefix it with an underscore: `_ngram_sim_threshold`
    |
    = note: `#[warn(unused_variables)]` (part of `#[warn(unused)]`) on by default

warning: variable does not need to be mutable
  --> frensense-engine/src/symbols.rs:65:29
   |
65 |     pub fn merge(&mut self, mut other: SymbolRegistry) {
   |                             ----^^^^^
   |                             |
   |                             help: remove this `mut`
   |
   = note: `#[warn(unused_mut)]` (part of `#[warn(unused)]`) on by default

Some errors have detailed explanations: E0308, E0560.
For more information about an error, try `rustc --explain E0308`.
warning: `frensense-engine` (lib) generated 2 warnings
error: could not compile `frensense-engine` (lib) due to 3 previous errors; 2 warnings emitted
